{
	"data": "json",
	"array": [
		{
			"structure": "path"
		}
	]
}